// Jest Snapshot v1, https://goo.gl/fbAQLP

exports[`App component tests should to show App component 1`] = `
<Fragment>
  <h1>
    Hi, I am Goku
  </h1>
  <p>
    Test
  </p>
</Fragment>
`;
