// Jest Snapshot v1, https://goo.gl/fbAQLP

exports[`Counter Component Tests should to show component correctly 1`] = `
<div
  className="text-center"
>
  <h1>
    Counter
  </h1>
  <h2>
    10
  </h2>
  <button
    className="btn btn-primary mr-2"
    onClick={[Function]}
  >
    +1
  </button>
  <button
    className="btn btn-secondary mr-2"
    onClick={[Function]}
  >
    Reset
  </button>
  <button
    className="btn btn-danger"
    onClick={[Function]}
  >
    -1
  </button>
</div>
`;
